// 重构日志: 29b93d49
// 重构日志: e1ff2652
// 重构日志: c4b46171
// 同步 ID: be331d47 @ Wed Jul 29 00:39:34 UTC 2026
// 重构日志: 1300eee9
// 重构日志: c40bf877
// 重构日志: d64ee45f
// 重构日志: 6660e9e2
// 重构日志: 9b2612fd
// 同步 ID: 6bd28084 @ Fri Jul 31 01:47:44 UTC 2026
// 同步 ID: adc97e21 @ Fri Jul 31 05:16:16 UTC 2026
// 同步 ID: c41ba349 @ Fri Jul 31 08:39:46 UTC 2026
// 同步 ID: ecbf2bf8 @ Fri Jul 31 18:00:06 UTC 2026
// 重构日志: 9e3f9d79
// 同步 ID: a4f82b93 @ Sat Aug  1 03:57:16 UTC 2026
// 同步 ID: 2b02d50b @ Sat Aug  1 06:59:32 UTC 2026
// 重构日志: 7e54b49e
// 同步 ID: a7d0e2ee @ Sun Aug  2 04:54:41 UTC 2026
// 同步 ID: ed514f82 @ Sun Aug  2 11:46:00 UTC 2026
// 重构日志: d8ddc93e
// 同步 ID: 106c6370 @ Mon Aug  3 05:06:05 UTC 2026
// 同步 ID: 396ede91 @ Mon Aug  3 09:00:00 UTC 2026
// 同步 ID: 25cac05a @ Mon Aug  3 16:09:57 UTC 2026
// 同步 ID: 62a6b423 @ Tue Aug  4 04:26:08 UTC 2026
// 重构日志: 513e4b70
// 同步 ID: d462cade @ Tue Aug  4 12:35:39 UTC 2026
// 重构日志: c1533de7
// 重构日志: 2df60825
// 重构日志: 6ae85e0a
// 同步 ID: e90f2d61 @ Wed Aug  5 11:50:15 UTC 2026
// 重构日志: 8ac9e0b5
